Instruction Queue: 
deque([('begin', begin(T1)), ('begin', begin(T2)), ('fail', fail(3)), ('fail', fail(4)), ('R', R(T1,x1)), ('W', W(T2,x8,88)), ('end', end(T1)), ('recover', recover(4)), ('recover', recover(3)), ('R', R(T2,x3)), ('end', end(T2)), ('dump', dump)])

Execution:
-------- time:0 --------
Transaction T1 starts
-------- time:1 --------
Transaction T2 starts
-------- time:2 --------
Site 3 fails
-------- time:3 --------
Site 4 fails
-------- time:4 --------
T1 reads x1.2 : 10
-------- time:5 --------
T2 writes x8:88 to - ['1', '2', '5', '6', '7', '8', '9', '10']
-------- time:6 --------
Transaction T1 commits
-------- time:7 --------
Site 4 recovers
-------- time:8 --------
Site 3 recovers
-------- time:9 --------
T2 reads x3.4 : 30
-------- time:10 --------
Transaction T2 commits
-------- time:11 --------
Status:UP: site 1- x2:20, x4:40, x6:60, x8:88, x10:100, x12:120, x14:140, x16:160, x18:180, x20:200
Status:UP: site 2- x1:10, x2:20, x4:40, x6:60, x8:88, x10:100, x11:110, x12:120, x14:140, x16:160, x18:180, x20:200
Status:UP: site 3- x2:20, x4:40, x6:60, x8:80, x10:100, x12:120, x14:140, x16:160, x18:180, x20:200
Status:UP: site 4- x2:20, x3:30, x4:40, x6:60, x8:80, x10:100, x12:120, x13:130, x14:140, x16:160, x18:180, x20:200
Status:UP: site 5- x2:20, x4:40, x6:60, x8:88, x10:100, x12:120, x14:140, x16:160, x18:180, x20:200
Status:UP: site 6- x2:20, x4:40, x5:50, x6:60, x8:88, x10:100, x12:120, x14:140, x15:150, x16:160, x18:180, x20:200
Status:UP: site 7- x2:20, x4:40, x6:60, x8:88, x10:100, x12:120, x14:140, x16:160, x18:180, x20:200
Status:UP: site 8- x2:20, x4:40, x6:60, x7:70, x8:88, x10:100, x12:120, x14:140, x16:160, x17:170, x18:180, x20:200
Status:UP: site 9- x2:20, x4:40, x6:60, x8:88, x10:100, x12:120, x14:140, x16:160, x18:180, x20:200
Status:UP: site 10- x2:20, x4:40, x6:60, x8:88, x9:90, x10:100, x12:120, x14:140, x16:160, x18:180, x19:190, x20:200
