Instruction Queue: 
deque([('begin', begin(T1)), ('begin', begin(T2)), ('begin', begin(T3)), ('begin', begin(T4)), ('begin', begin(T5)), ('R', R(T3,x3)), ('fail', fail(4)), ('recover', recover(4)), ('R', R(T4,x4)), ('R', R(T5,x5)), ('R', R(T1,x6)), ('R', R(T2,x2)), ('W', W(T1,x2,10)), ('W', W(T2,x3,20)), ('W', W(T3,x4,30)), ('W', W(T5,x1,50)), ('end', end(T5)), ('W', W(T4,x5,40)), ('end', end(T4)), ('end', end(T3)), ('end', end(T2)), ('end', end(T1))])

Execution:
-------- time:0 --------
Transaction T1 starts
-------- time:1 --------
Transaction T2 starts
-------- time:2 --------
Transaction T3 starts
-------- time:3 --------
Transaction T4 starts
-------- time:4 --------
Transaction T5 starts
-------- time:5 --------
T3 reads x3.4 : 30
-------- time:6 --------
Site 4 fails
-------- time:7 --------
Site 4 recovers
-------- time:8 --------
T4 reads x4.1 : 40
-------- time:9 --------
T5 reads x5.6 : 50
-------- time:10 --------
T1 reads x6.1 : 60
-------- time:11 --------
T2 reads x2.1 : 20
-------- time:12 --------
-------- time:13 --------
T2 writes x3:20 to - ['4']
-------- time:14 --------
-------- time:15 --------
T5 writes x1:50 to - ['2']
-------- time:16 --------
Transaction T5 commits
-------- time:17 --------
T4 writes x5:40 to - ['6']
-------- time:18 --------
Transaction T4 commits
T3 writes x4:30 to - ['1', '2', '3', '4', '5', '6', '7', '8', '9', '10']
-------- time:19 --------
Transaction T3 aborts: Site Failure
-------- time:20 --------
Transaction T2 commits
T1 writes x2:10 to - ['1', '2', '3', '4', '5', '6', '7', '8', '9', '10']
-------- time:21 --------
Transaction T1 commits
