Instruction Queue: 
deque([('begin', begin(T1)), ('begin', begin(T2)), ('W', W(T1,x1,101)), ('W', W(T2,x2,202)), ('W', W(T1,x2,102)), ('W', W(T2,x1,201)), ('end', end(T1)), ('dump', dump)])

Execution:
-------- time:0 --------
Transaction T1 starts
-------- time:1 --------
Transaction T2 starts
-------- time:2 --------
T1 writes x1:101 to - ['2']
-------- time:3 --------
T2 writes x2:202 to - ['1', '2', '3', '4', '5', '6', '7', '8', '9', '10']
-------- time:4 --------
-------- time:5 --------
-------- time:6 --------
# Deadlock Detected #
Transaction T2 aborted to resolve deadlock
T1 writes x2:102 to - ['1', '2', '3', '4', '5', '6', '7', '8', '9', '10']
Transaction T1 commits
-------- time:7 --------
Status:UP: site 1- x2:102, x4:40, x6:60, x8:80, x10:100, x12:120, x14:140, x16:160, x18:180, x20:200
Status:UP: site 2- x1:101, x2:102, x4:40, x6:60, x8:80, x10:100, x11:110, x12:120, x14:140, x16:160, x18:180, x20:200
Status:UP: site 3- x2:102, x4:40, x6:60, x8:80, x10:100, x12:120, x14:140, x16:160, x18:180, x20:200
Status:UP: site 4- x2:102, x3:30, x4:40, x6:60, x8:80, x10:100, x12:120, x13:130, x14:140, x16:160, x18:180, x20:200
Status:UP: site 5- x2:102, x4:40, x6:60, x8:80, x10:100, x12:120, x14:140, x16:160, x18:180, x20:200
Status:UP: site 6- x2:102, x4:40, x5:50, x6:60, x8:80, x10:100, x12:120, x14:140, x15:150, x16:160, x18:180, x20:200
Status:UP: site 7- x2:102, x4:40, x6:60, x8:80, x10:100, x12:120, x14:140, x16:160, x18:180, x20:200
Status:UP: site 8- x2:102, x4:40, x6:60, x7:70, x8:80, x10:100, x12:120, x14:140, x16:160, x17:170, x18:180, x20:200
Status:UP: site 9- x2:102, x4:40, x6:60, x8:80, x10:100, x12:120, x14:140, x16:160, x18:180, x20:200
Status:UP: site 10- x2:102, x4:40, x6:60, x8:80, x9:90, x10:100, x12:120, x14:140, x16:160, x18:180, x19:190, x20:200
