Instruction Queue: 
deque([('begin', begin(T1)), ('R', R(T1,x2)), ('begin', begin(T4)), ('fail', fail(2)), ('beginRO', beginRO(T2)), ('beginRO', beginRO(T3)), ('R', R(T2,x1)), ('R', R(T3,x11)), ('recover', recover(2)), ('end', end(T2)), ('end', end(T3)), ('end', end(T1)), ('fail', fail(1)), ('fail', fail(3)), ('fail', fail(4)), ('fail', fail(5)), ('fail', fail(6)), ('fail', fail(7)), ('fail', fail(8)), ('fail', fail(9)), ('fail', fail(10)), ('R', R(T4,x4)), ('end', end(T4))])

Execution:
-------- time:0 --------
Transaction T1 starts
-------- time:1 --------
T1 reads x2.1 : 20
-------- time:2 --------
Transaction T4 starts
-------- time:3 --------
Site 2 fails
-------- time:4 --------
Transaction T2 [Read Only] starts
-------- time:5 --------
Transaction T3 [Read Only] starts
-------- time:6 --------
-------- time:7 --------
-------- time:8 --------
Site 2 recovers
T2 [Read-Only] reads x1.2 : 10
T3 [Read-Only] reads x11.2 : 110
-------- time:9 --------
Transaction T2 commits
-------- time:10 --------
Transaction T3 commits
-------- time:11 --------
Transaction T1 commits
-------- time:12 --------
Site 1 fails
-------- time:13 --------
Site 3 fails
-------- time:14 --------
Site 4 fails
-------- time:15 --------
Site 5 fails
-------- time:16 --------
Site 6 fails
-------- time:17 --------
Site 7 fails
-------- time:18 --------
Site 8 fails
-------- time:19 --------
Site 9 fails
-------- time:20 --------
Site 10 fails
-------- time:21 --------
-------- time:22 --------
Transaction T4 commits
