Instruction Queue: 
deque([('begin', begin(T1)), ('fail', fail(1)), ('fail', fail(3)), ('R', R(T1,x6)), ('end', end(T1)), ('dump', dump)])

Execution:
-------- time:0 --------
Transaction T1 starts
-------- time:1 --------
Site 1 fails
-------- time:2 --------
Site 3 fails
-------- time:3 --------
T1 reads x6.2 : 60
-------- time:4 --------
Transaction T1 commits
-------- time:5 --------
Status:DOWN: site 1- x2:20, x4:40, x6:60, x8:80, x10:100, x12:120, x14:140, x16:160, x18:180, x20:200
Status:UP: site 2- x1:10, x2:20, x4:40, x6:60, x8:80, x10:100, x11:110, x12:120, x14:140, x16:160, x18:180, x20:200
Status:DOWN: site 3- x2:20, x4:40, x6:60, x8:80, x10:100, x12:120, x14:140, x16:160, x18:180, x20:200
Status:UP: site 4- x2:20, x3:30, x4:40, x6:60, x8:80, x10:100, x12:120, x13:130, x14:140, x16:160, x18:180, x20:200
Status:UP: site 5- x2:20, x4:40, x6:60, x8:80, x10:100, x12:120, x14:140, x16:160, x18:180, x20:200
Status:UP: site 6- x2:20, x4:40, x5:50, x6:60, x8:80, x10:100, x12:120, x14:140, x15:150, x16:160, x18:180, x20:200
Status:UP: site 7- x2:20, x4:40, x6:60, x8:80, x10:100, x12:120, x14:140, x16:160, x18:180, x20:200
Status:UP: site 8- x2:20, x4:40, x6:60, x7:70, x8:80, x10:100, x12:120, x14:140, x16:160, x17:170, x18:180, x20:200
Status:UP: site 9- x2:20, x4:40, x6:60, x8:80, x10:100, x12:120, x14:140, x16:160, x18:180, x20:200
Status:UP: site 10- x2:20, x4:40, x6:60, x8:80, x9:90, x10:100, x12:120, x14:140, x16:160, x18:180, x19:190, x20:200
