Instruction Queue: 
deque([('begin', begin(T1)), ('begin', begin(T2)), ('R', R(T1,x3)), ('fail', fail(2)), ('W', W(T2,x8,88)), ('R', R(T2,x3)), ('W', W(T1,x5,91)), ('end', end(T2)), ('recover', recover(2)), ('end', end(T1))])

Execution:
-------- time:0 --------
Transaction T1 starts
-------- time:1 --------
Transaction T2 starts
-------- time:2 --------
T1 reads x3.4 : 30
-------- time:3 --------
Site 2 fails
-------- time:4 --------
T2 writes x8:88 to - ['1', '3', '4', '5', '6', '7', '8', '9', '10']
-------- time:5 --------
T2 reads x3.4 : 30
-------- time:6 --------
T1 writes x5:91 to - ['6']
-------- time:7 --------
Transaction T2 commits
-------- time:8 --------
Site 2 recovers
-------- time:9 --------
Transaction T1 commits
