Getting input from /Users/reubenabraham/PycharmProjects/RepCRec/tests/test_2.txt...
----- Timestamp: 0 -----
T1 begins
----- Timestamp: 1 -----
T2 begins and is read-only
----- Timestamp: 2 -----
T1 writes x1 with value 101 to sites [2]
----- Timestamp: 3 -----
T2 (RO) reads x2.1: 20
----- Timestamp: 4 -----
T1 writes x2 with value 102 to sites [1, 2, 3, 4, 5, 6, 7, 8, 9, 10]
----- Timestamp: 5 -----
T2 (RO) reads x1.2: 10
----- Timestamp: 6 -----
T1 commits!
----- Timestamp: 7 -----
T2 commits!
----- Timestamp: 8 -----
Dump:
Site 1 [UP] - x2: 102, x4: 40, x6: 60, x8: 80, x10: 100, x12: 120, x14: 140, x16: 160, x18: 180, x20: 200, 
Site 2 [UP] - x1: 101, x2: 102, x4: 40, x6: 60, x8: 80, x10: 100, x11: 110, x12: 120, x14: 140, x16: 160, x18: 180, x20: 200, 
Site 3 [UP] - x2: 102, x4: 40, x6: 60, x8: 80, x10: 100, x12: 120, x14: 140, x16: 160, x18: 180, x20: 200, 
Site 4 [UP] - x2: 102, x3: 30, x4: 40, x6: 60, x8: 80, x10: 100, x12: 120, x13: 130, x14: 140, x16: 160, x18: 180, x20: 200, 
Site 5 [UP] - x2: 102, x4: 40, x6: 60, x8: 80, x10: 100, x12: 120, x14: 140, x16: 160, x18: 180, x20: 200, 
Site 6 [UP] - x2: 102, x4: 40, x5: 50, x6: 60, x8: 80, x10: 100, x12: 120, x14: 140, x15: 150, x16: 160, x18: 180, x20: 200, 
Site 7 [UP] - x2: 102, x4: 40, x6: 60, x8: 80, x10: 100, x12: 120, x14: 140, x16: 160, x18: 180, x20: 200, 
Site 8 [UP] - x2: 102, x4: 40, x6: 60, x7: 70, x8: 80, x10: 100, x12: 120, x14: 140, x16: 160, x17: 170, x18: 180, x20: 200, 
Site 9 [UP] - x2: 102, x4: 40, x6: 60, x8: 80, x10: 100, x12: 120, x14: 140, x16: 160, x18: 180, x20: 200, 
Site 10 [UP] - x2: 102, x4: 40, x6: 60, x8: 80, x9: 90, x10: 100, x12: 120, x14: 140, x16: 160, x18: 180, x19: 190, x20: 200, 
