Getting input from /Users/reubenabraham/PycharmProjects/RepCRec/tests/test_24.txt...
----- Timestamp: 0 -----
T1 begins
----- Timestamp: 1 -----
T1 reads x2.1: 20
----- Timestamp: 2 -----
Site 2 fails
----- Timestamp: 3 -----
T2 begins and is read-only
----- Timestamp: 4 -----
Site 2 recovers
----- Timestamp: 5 -----
T2 (RO) reads x1.2: 10
----- Timestamp: 6 -----
T2 commits!
----- Timestamp: 7 -----
T1 commits!
