Getting input from /Users/reubenabraham/PycharmProjects/RepCRec/tests/test_19.txt...
----- Timestamp: 0 -----
T1 begins
----- Timestamp: 1 -----
T2 begins
----- Timestamp: 2 -----
T3 begins
----- Timestamp: 3 -----
T4 begins
----- Timestamp: 4 -----
T5 begins
----- Timestamp: 5 -----
T3 reads x3.4: 30
----- Timestamp: 6 -----
Site 4 fails
----- Timestamp: 7 -----
Site 4 recovers
----- Timestamp: 8 -----
T4 reads x4.1: 40
----- Timestamp: 9 -----
T5 reads x5.6: 50
----- Timestamp: 10 -----
T1 reads x6.1: 60
----- Timestamp: 11 -----
T2 reads x2.1: 20
----- Timestamp: 12 -----
----- Timestamp: 13 -----
T2 writes x3 with value 20 to sites [4]
----- Timestamp: 14 -----
----- Timestamp: 15 -----
T5 writes x1 with value 50 to sites [2]
----- Timestamp: 16 -----
T5 commits!
----- Timestamp: 17 -----
T4 writes x5 with value 40 to sites [6]
----- Timestamp: 18 -----
T4 commits!
T3 writes x4 with value 30 to sites [1, 2, 3, 4, 5, 6, 7, 8, 9, 10]
----- Timestamp: 19 -----
T3 aborts! (due to site failure)
----- Timestamp: 20 -----
T2 commits!
T1 writes x2 with value 10 to sites [1, 2, 3, 4, 5, 6, 7, 8, 9, 10]
----- Timestamp: 21 -----
T1 commits!
