Getting input from /Users/reubenabraham/PycharmProjects/RepCRec/tests/test_11.txt...
----- Timestamp: 0 -----
T1 begins
----- Timestamp: 1 -----
T2 begins
----- Timestamp: 2 -----
T1 reads x2.1: 20
----- Timestamp: 3 -----
T2 reads x2.1: 20
----- Timestamp: 4 -----
----- Timestamp: 5 -----
T1 commits!
T2 writes x2 with value 10 to sites [1, 2, 3, 4, 5, 6, 7, 8, 9, 10]
----- Timestamp: 6 -----
T2 commits!
