Getting input from /Users/reubenabraham/PycharmProjects/RepCRec/tests/test_15.txt...
----- Timestamp: 0 -----
T5 begins
----- Timestamp: 1 -----
T4 begins
----- Timestamp: 2 -----
T3 begins
----- Timestamp: 3 -----
T2 begins
----- Timestamp: 4 -----
T1 begins
----- Timestamp: 5 -----
T1 writes x4 with value 5 to sites [1, 2, 3, 4, 5, 6, 7, 8, 9, 10]
----- Timestamp: 6 -----
Site 2 fails
----- Timestamp: 7 -----
----- Timestamp: 8 -----
Site 2 recovers
----- Timestamp: 9 -----
----- Timestamp: 10 -----
----- Timestamp: 11 -----
----- Timestamp: 12 -----
T1 aborts! (due to site failure)
T2 writes x4 with value 44 to sites [1, 2, 3, 4, 5, 6, 7, 8, 9, 10]
----- Timestamp: 13 -----
T2 commits!
T3 writes x4 with value 55 to sites [1, 2, 3, 4, 5, 6, 7, 8, 9, 10]
----- Timestamp: 14 -----
T3 commits!
T4 writes x4 with value 66 to sites [1, 2, 3, 4, 5, 6, 7, 8, 9, 10]
----- Timestamp: 15 -----
T4 commits!
T5 writes x4 with value 77 to sites [1, 2, 3, 4, 5, 6, 7, 8, 9, 10]
----- Timestamp: 16 -----
T5 commits!
