Getting input from /Users/reubenabraham/PycharmProjects/RepCRec/tests/test_3.txt...
----- Timestamp: 0 -----
T1 begins
----- Timestamp: 1 -----
T2 begins
----- Timestamp: 2 -----
T1 reads x3.4: 30
----- Timestamp: 3 -----
Site 2 fails
----- Timestamp: 4 -----
T2 writes x8 with value 88 to sites [1, 3, 4, 5, 6, 7, 8, 9, 10]
----- Timestamp: 5 -----
T2 reads x3.4: 30
----- Timestamp: 6 -----
T1 writes x5 with value 91 to sites [6]
----- Timestamp: 7 -----
T2 commits!
----- Timestamp: 8 -----
Site 2 recovers
----- Timestamp: 9 -----
T1 commits!
