Getting input from /Users/reubenabraham/PycharmProjects/RepCRec/tests/test_18.txt...
----- Timestamp: 0 -----
T1 begins
----- Timestamp: 1 -----
T2 begins
----- Timestamp: 2 -----
T3 begins
----- Timestamp: 3 -----
T4 begins
----- Timestamp: 4 -----
T5 begins
----- Timestamp: 5 -----
T3 reads x3.4: 30
----- Timestamp: 6 -----
T4 reads x4.1: 40
----- Timestamp: 7 -----
T5 reads x5.6: 50
----- Timestamp: 8 -----
T1 reads x1.2: 10
----- Timestamp: 9 -----
T2 reads x2.1: 20
----- Timestamp: 10 -----
----- Timestamp: 11 -----
----- Timestamp: 12 -----
----- Timestamp: 13 -----
----- Timestamp: 14 -----
----- Timestamp: 15 -----
Deadlock detected: aborting T5
T5 aborts! (due to deadlock)
T4 writes x5 with value 40 to sites [6]
T4 commits!
T3 writes x4 with value 30 to sites [1, 2, 3, 4, 5, 6, 7, 8, 9, 10]
----- Timestamp: 16 -----
T3 commits!
T2 writes x3 with value 20 to sites [4]
----- Timestamp: 17 -----
T2 commits!
T1 writes x2 with value 10 to sites [1, 2, 3, 4, 5, 6, 7, 8, 9, 10]
----- Timestamp: 18 -----
T1 commits!
