Getting input from /Users/reubenabraham/PycharmProjects/RepCRec/tests/test_20.txt...
----- Timestamp: 0 -----
T1 begins
----- Timestamp: 1 -----
T2 begins
----- Timestamp: 2 -----
T1 writes x2 with value 9 to sites [1, 2, 3, 4, 5, 6, 7, 8, 9, 10]
----- Timestamp: 3 -----
Site 1 fails
----- Timestamp: 4 -----
T1 aborts! (due to site failure)
----- Timestamp: 5 -----
T3 begins
----- Timestamp: 6 -----
T3 writes x2 with value 100 to sites [2, 3, 4, 5, 6, 7, 8, 9, 10]
----- Timestamp: 7 -----
T3 commits!
----- Timestamp: 8 -----
Site 1 recovers
----- Timestamp: 9 -----
Site 2 fails
----- Timestamp: 10 -----
Site 3 fails
----- Timestamp: 11 -----
Site 4 fails
----- Timestamp: 12 -----
Site 5 fails
----- Timestamp: 13 -----
Site 6 fails
----- Timestamp: 14 -----
Site 7 fails
----- Timestamp: 15 -----
Site 8 fails
----- Timestamp: 16 -----
Site 9 fails
----- Timestamp: 17 -----
Site 10 fails
----- Timestamp: 18 -----
----- Timestamp: 19 -----
T5 begins
----- Timestamp: 20 -----
T5 writes x2 with value 90 to sites [1]
----- Timestamp: 21 -----
T5 commits!
T2 reads x2.1: 90
----- Timestamp: 22 -----
T2 commits!
