Getting input from /Users/reubenabraham/PycharmProjects/RepCRec/tests/test_28.txt...
----- Timestamp: 0 -----
T1 begins
----- Timestamp: 1 -----
Site 1 fails
----- Timestamp: 2 -----
Site 3 fails
----- Timestamp: 3 -----
T1 reads x6.2: 60
----- Timestamp: 4 -----
T1 commits!
----- Timestamp: 5 -----
Dump:
Site 1 [DOWN] - x2: 20, x4: 40, x6: 60, x8: 80, x10: 100, x12: 120, x14: 140, x16: 160, x18: 180, x20: 200, 
Site 2 [UP] - x1: 10, x2: 20, x4: 40, x6: 60, x8: 80, x10: 100, x11: 110, x12: 120, x14: 140, x16: 160, x18: 180, x20: 200, 
Site 3 [DOWN] - x2: 20, x4: 40, x6: 60, x8: 80, x10: 100, x12: 120, x14: 140, x16: 160, x18: 180, x20: 200, 
Site 4 [UP] - x2: 20, x3: 30, x4: 40, x6: 60, x8: 80, x10: 100, x12: 120, x13: 130, x14: 140, x16: 160, x18: 180, x20: 200, 
Site 5 [UP] - x2: 20, x4: 40, x6: 60, x8: 80, x10: 100, x12: 120, x14: 140, x16: 160, x18: 180, x20: 200, 
Site 6 [UP] - x2: 20, x4: 40, x5: 50, x6: 60, x8: 80, x10: 100, x12: 120, x14: 140, x15: 150, x16: 160, x18: 180, x20: 200, 
Site 7 [UP] - x2: 20, x4: 40, x6: 60, x8: 80, x10: 100, x12: 120, x14: 140, x16: 160, x18: 180, x20: 200, 
Site 8 [UP] - x2: 20, x4: 40, x6: 60, x7: 70, x8: 80, x10: 100, x12: 120, x14: 140, x16: 160, x17: 170, x18: 180, x20: 200, 
Site 9 [UP] - x2: 20, x4: 40, x6: 60, x8: 80, x10: 100, x12: 120, x14: 140, x16: 160, x18: 180, x20: 200, 
Site 10 [UP] - x2: 20, x4: 40, x6: 60, x8: 80, x9: 90, x10: 100, x12: 120, x14: 140, x16: 160, x18: 180, x19: 190, x20: 200, 
